// Jest Snapshot v1, https://goo.gl/fbAQLP

exports[`renders correctly 1`] = `
<ol
  aria-label="ui-bc-list"
  className="m-[0px_0px_16px] flex items-center overflow-auto whitespace-nowrap p-0 text-[#afafaf]"
  data-testid="ui-breadcrumb"
/>
`;
