// Jest Snapshot v1, https://goo.gl/fbAQLP

exports[`renders correctly 1`] = `
<div
  className="mx-[-12px] mb-[-24px] box-border flex flex-wrap md:flex-nowrap"
  data-testid="ui-employment-list"
  id="cards"
/>
`;

exports[`renders correctly 2`] = `
<div
  className="mx-[-12px] mb-[-24px] box-border flex flex-wrap md:flex-nowrap"
  data-testid="ui-employment-list"
  id="cards"
>
  <div
    className="mb-6 ml-0 box-border block w-full flex-none px-3 md:w-1/3 "
  >
    <a
      aria-label="employment-link"
      className="mb-4"
      data-testid="component-link"
      href="/temp/employmentLink1"
      onClick={[Function]}
      onMouseEnter={[Function]}
      onTouchStart={[Function]}
    >
      <div
        className="relative mb-2 h-0 w-full bg-[#e2e2e2] pt-[55.970149253731336%]"
      >
        <span
          style={
            Object {
              "background": "none",
              "border": 0,
              "bottom": 0,
              "boxSizing": "border-box",
              "display": "block",
              "height": "initial",
              "left": 0,
              "margin": 0,
              "opacity": 1,
              "overflow": "hidden",
              "padding": 0,
              "position": "absolute",
              "right": 0,
              "top": 0,
              "width": "initial",
            }
          }
        >
          <img
            alt="Feed your employees"
            className="absolute left-0 top-0 w-full animate-pulse"
            data-nimg="fill"
            decoding="async"
            onError={[Function]}
            onLoad={[Function]}
            src="data:image/gif;base64,R0lGODlhAQABAIAAAAAAAP///yH5BAEAAAAALAAAAAABAAEAAAIBRAA7"
            style={
              Object {
                "border": "none",
                "bottom": 0,
                "boxSizing": "border-box",
                "display": "block",
                "height": 0,
                "left": 0,
                "margin": "auto",
                "maxHeight": "100%",
                "maxWidth": "100%",
                "minHeight": "100%",
                "minWidth": "100%",
                "objectFit": undefined,
                "objectPosition": undefined,
                "padding": 0,
                "position": "absolute",
                "right": 0,
                "top": 0,
                "width": 0,
              }
            }
          />
          <noscript>
            <img
              alt="Feed your employees"
              className="absolute left-0 top-0 w-full animate-pulse"
              data-nimg="fill"
              decoding="async"
              loading="lazy"
              sizes="100vw"
              src="/_next/image?url=%2Fimages%2Fhome%2Femployment-1.png&w=3840&q=75"
              srcSet="/_next/image?url=%2Fimages%2Fhome%2Femployment-1.png&w=640&q=75 640w, /_next/image?url=%2Fimages%2Fhome%2Femployment-1.png&w=750&q=75 750w, /_next/image?url=%2Fimages%2Fhome%2Femployment-1.png&w=828&q=75 828w, /_next/image?url=%2Fimages%2Fhome%2Femployment-1.png&w=1080&q=75 1080w, /_next/image?url=%2Fimages%2Fhome%2Femployment-1.png&w=1200&q=75 1200w, /_next/image?url=%2Fimages%2Fhome%2Femployment-1.png&w=1920&q=75 1920w, /_next/image?url=%2Fimages%2Fhome%2Femployment-1.png&w=2048&q=75 2048w, /_next/image?url=%2Fimages%2Fhome%2Femployment-1.png&w=3840&q=75 3840w"
              style={
                Object {
                  "border": "none",
                  "bottom": 0,
                  "boxSizing": "border-box",
                  "display": "block",
                  "height": 0,
                  "left": 0,
                  "margin": "auto",
                  "maxHeight": "100%",
                  "maxWidth": "100%",
                  "minHeight": "100%",
                  "minWidth": "100%",
                  "objectFit": undefined,
                  "objectPosition": undefined,
                  "padding": 0,
                  "position": "absolute",
                  "right": 0,
                  "top": 0,
                  "width": 0,
                }
              }
            />
          </noscript>
        </span>
      </div>
      <h3
        className="font-uberMove text-2xl font-bold md:text-[28px] md:leading-9"
        data-testid="component-typography"
      >
        Feed your employees
      </h3>
      <p
        className="font-medium mt-2 text-base leading-5 underline"
        data-testid="component-typography"
      >
        Create a business account
      </p>
    </a>
  </div>
</div>
`;
