// Jest Snapshot v1, https://goo.gl/fbAQLP

exports[`renders correctly 1`] = `
<hr
  className="h-[1px] border-none bg-[#e2e2e2] block m-[32px_0]"
  data-testid="ui-separator"
/>
`;
