// Jest Snapshot v1, https://goo.gl/fbAQLP

exports[`renders correctly 1`] = `
<div
  className="m-0 flex-shrink-0"
  data-testid="ui-spacer"
/>
`;
